// Jest Snapshot v1, https://jestjs.io/docs/snapshot-testing

exports[`TargetValidationIOAdapter normalizes and rebuilds actionsWithTargets payloads 1`] = `
{
  "format": "actionsWithTargets",
  "items": [
    {
      "actionDef": {
        "id": "multi-1",
        "required_components": {},
      },
      "originalIndex": 0,
      "originalRef": {
        "actionDef": {
          "id": "multi-1",
          "required_components": {},
        },
        "resolvedTargets": {
          "primary": [
            {
              "id": "entity-1",
            },
          ],
        },
        "targetContexts": [
          {
            "entityId": "entity-1",
            "placeholder": "target.primary",
            "type": "entity",
          },
        ],
        "targetDefinitions": {
          "primary": {
            "placeholder": "target.primary",
          },
        },
      },
      "placeholderSource": {
        "primary": {
          "placeholder": "target.primary",
        },
      },
      "resolvedTargets": {
        "actor": {
          "id": "actor-1",
        },
        "primary": [
          {
            "id": "entity-1",
          },
        ],
      },
      "sourceFormat": "actionsWithTargets",
      "targetContexts": [
        {
          "entityId": "entity-1",
          "placeholder": "target.primary",
          "type": "entity",
        },
      ],
      "targetDefinitions": {
        "primary": {
          "placeholder": "target.primary",
        },
      },
    },
  ],
  "metadata": {
    "actor": {
      "id": "actor-1",
    },
    "sharedResolvedTargetsRef": null,
  },
}
`;
