// Jest Snapshot v1, https://goo.gl/fbAQLP

exports[`AttemptActionBuilder build() output matches snapshot for a sample composite 1`] = `
{
  "actionId": "testAction",
  "actorId": "actor1",
  "eventName": "core:attempt_action",
  "params": {
    "foo": "bar",
    "nested": {
      "a": 1,
    },
  },
}
`;
