// Jest Snapshot v1, https://goo.gl/fbAQLP

exports[`registerLoaders (with Mock DI Container) should match snapshot for registration calls 1`] = `
[
  [
    "ILogger",
    {
      "debug": [MockFunction] {
        "calls": [
          [
            "Loaders Registration: Starting core services and data loaders...",
          ],
          [
            "Loaders Registration: Registered IConfiguration.",
          ],
          [
            "Loaders Registration: Registered IPathResolver.",
          ],
          [
            "Loaders Registration: Registered ISchemaValidator.",
          ],
          [
            "Loaders Registration: Registered IDataRegistry.",
          ],
          [
            "Loaders Registration: Registered IDataFetcher.",
          ],
          [
            "Loaders Registration: Registered SchemaLoader.",
          ],
          [
            "Loaders Registration: Registered RuleLoader.",
          ],
          [
            "Loaders Registration: Registered ComponentDefinitionLoader.",
          ],
          [
            "Loaders Registration: Registered GameConfigLoader.",
          ],
          [
            "Loaders Registration: Registered ModManifestLoader.",
          ],
          [
            "Loaders Registration: Registered ActionLoader.",
          ],
          [
            "Loaders Registration: Registered EventLoader.",
          ],
          [
            "Loaders Registration: Registered EntityLoader.",
          ],
        ],
        "results": [
          {
            "type": "return",
            "value": undefined,
          },
          {
            "type": "return",
            "value": undefined,
          },
          {
            "type": "return",
            "value": undefined,
          },
          {
            "type": "return",
            "value": undefined,
          },
          {
            "type": "return",
            "value": undefined,
          },
          {
            "type": "return",
            "value": undefined,
          },
          {
            "type": "return",
            "value": undefined,
          },
          {
            "type": "return",
            "value": undefined,
          },
          {
            "type": "return",
            "value": undefined,
          },
          {
            "type": "return",
            "value": undefined,
          },
          {
            "type": "return",
            "value": undefined,
          },
          {
            "type": "return",
            "value": undefined,
          },
          {
            "type": "return",
            "value": undefined,
          },
          {
            "type": "return",
            "value": undefined,
          },
        ],
      },
      "error": [MockFunction],
      "info": [MockFunction] {
        "calls": [
          [
            "Loaders Registration: Completed.",
          ],
        ],
        "results": [
          {
            "type": "return",
            "value": undefined,
          },
        ],
      },
      "warn": [MockFunction],
    },
    {
      "lifecycle": "singleton",
    },
  ],
  [
    "IConfiguration",
    [Function],
    {
      "lifecycle": "singletonFactory",
    },
  ],
  [
    "IPathResolver",
    [Function],
    {
      "lifecycle": "singletonFactory",
    },
  ],
  [
    "ISchemaValidator",
    [Function],
    {
      "lifecycle": "singletonFactory",
    },
  ],
  [
    "IDataRegistry",
    [Function],
    {
      "lifecycle": "singletonFactory",
    },
  ],
  [
    "IDataFetcher",
    [Function],
    {
      "lifecycle": "singletonFactory",
    },
  ],
  [
    "SchemaLoader",
    [Function],
    {
      "lifecycle": "singletonFactory",
    },
  ],
  [
    "RuleLoader",
    [Function],
    {
      "lifecycle": "singletonFactory",
    },
  ],
  [
    "ComponentDefinitionLoader",
    [Function],
    {
      "lifecycle": "singletonFactory",
    },
  ],
  [
    "GameConfigLoader",
    [Function],
    {
      "lifecycle": "singletonFactory",
    },
  ],
  [
    "ModManifestLoader",
    [Function],
    {
      "lifecycle": "singletonFactory",
    },
  ],
  [
    "ActionLoader",
    [Function],
    {
      "lifecycle": "singletonFactory",
    },
  ],
  [
    "EventLoader",
    [Function],
    {
      "lifecycle": "singletonFactory",
    },
  ],
  [
    "EntityLoader",
    [Function],
    {
      "lifecycle": "singletonFactory",
    },
  ],
]
`;
