// Jest Snapshot v1, https://goo.gl/fbAQLP

exports[`registerQuestSystems should match snapshot for registration calls 1`] = `
[
  [
    "QuestPrerequisiteService",
    [Function],
    {
      "lifecycle": "singleton",
    },
  ],
  [
    "QuestRewardService",
    [Function],
    {
      "lifecycle": "singleton",
    },
  ],
  [
    "ObjectiveEventListenerService",
    [Function],
    {
      "lifecycle": "singleton",
    },
  ],
  [
    "ObjectiveStateCheckerService",
    [Function],
    {
      "lifecycle": "singleton",
    },
  ],
  [
    "QuestSystem",
    [Function],
    {
      "lifecycle": "singleton",
      "tags": [
        "initializableSystem",
      ],
    },
  ],
  [
    "QuestStartTriggerSystem",
    [Function],
    {
      "lifecycle": "singleton",
      "tags": [
        "initializableSystem",
      ],
    },
  ],
]
`;
