// Jest Snapshot v1, https://goo.gl/fbAQLP

exports[`registerCoreSystems should match snapshot for registration calls 1`] = `
[
  [
    "IActionDiscoveryService",
    [Function],
    {
      "lifecycle": "singletonFactory",
      "tags": [
        "initializableSystem",
      ],
    },
  ],
  [
    "PlayerTurnHandler",
    [Function],
    {
      "lifecycle": "singletonFactory",
      "tags": [
        "shutdownable",
      ],
    },
  ],
  [
    "AITurnHandler",
    [Function],
    {
      "lifecycle": "singletonFactory",
    },
  ],
  [
    "TurnHandlerResolver",
    [Function],
    {
      "lifecycle": "singletonFactory",
    },
  ],
  [
    "ITurnManager",
    [Function],
    {
      "lifecycle": "singletonFactory",
      "tags": [
        "initializableSystem",
      ],
    },
  ],
  [
    "ITurnContext",
    [Function],
    {
      "lifecycle": "transient",
    },
  ],
]
`;
